≡ƒº¬ Testing Add Student Functionality
=====================================

≡ƒô¥ Creating student with:
   Court: court-1 (GKP Club)
   Group: gkp-1 (4 to 5 PM Beginner)
   Name: Test Student 1
   Generated ID: gkp-22732241
   Court Prefix: gkp-

Γ£à Student added successfully!
   Document ID: 69820a02001df25f950a
   Student ID: gkp-22732241
   Name: Test Student 1
   Group: gkp-1

≡ƒöì Verifying student appears in court filter...
Γ¥î ERROR: Student NOT found in filtered list!

≡ƒÄë Test completed successfully!

≡ƒôï Summary:
   Γ£à Student created with correct court prefix
   Γ£à Student saved to database
   Γ£à Student appears in court filter

≡ƒÆí The Add Student button should work the same way!
